---
source: tui/tests/editor_render_snapshots.rs
expression: "serialize_render(\"use `#foo` here\", 80)"
---
[row 0]
Style::new().fg(Color::Rgb(235, 219, 178)) | "use "
Style::new().fg(Color::Rgb(235, 219, 178)).bg(Color::Rgb(80, 73, 69)) | "#foo"
Style::new().fg(Color::Rgb(235, 219, 178)) | " here"
