---
source: tui/tests/editor_render_snapshots.rs
expression: "serialize_render(\"Heading Two\\n---\", 80)"
---
[row 0]
Style::new().fg(Color::Rgb(235, 219, 178)).bold() | "Heading Two"

[row 1]
Style::new().fg(Color::Rgb(124, 111, 100)) | "────────────────────────────────────────────────────────────────────────────────"
