---
source: tui/tests/editor_render_snapshots.rs
expression: "serialize_render(\"call `#tag` here\", 80)"
---
[row 0]
Style::new().fg(Color::Rgb(235, 219, 178)) | "call "
Style::new().fg(Color::Rgb(235, 219, 178)).bg(Color::Rgb(80, 73, 69)) | "#tag"
Style::new().fg(Color::Rgb(235, 219, 178)) | " here"
