---
source: tui/tests/editor_render_snapshots.rs
expression: "serialize_render(\"[see docs](#section) and #real\", 80)"
---
[row 0]
Style::new().fg(Color::Rgb(250, 189, 47)).underlined() | "see docs"
Style::new().fg(Color::Rgb(235, 219, 178)) | " and "
Style::new().fg(Color::Rgb(254, 128, 25)).bold() | "#real"
