---
source: tui/tests/editor_render_snapshots.rs
expression: "painted(\"Use `cargo build` to compile.\", 80)"
---
 0 |Use cargo build to compile.                                                     |
   0..4 fg=Rgb(235, 219, 178) bg=Rgb(40, 40, 40) mods=NONE
   4..15 fg=Rgb(142, 192, 124) bg=Rgb(60, 56, 54) mods=NONE
   15..80 fg=Rgb(235, 219, 178) bg=Rgb(40, 40, 40) mods=NONE
