---
source: tui/src/components/text_editor/snapshot_tests.rs
expression: "serialize_render(\"```\\nlet x = 1;\\n```\", 80)"
---
[row 0]
Style::new().fg(Color::Rgb(168, 153, 132)) | "```"

[row 1]
Style::new().fg(Color::Rgb(168, 153, 132)) | "let x = 1;"

[row 2]
Style::new().fg(Color::Rgb(168, 153, 132)) | "```"
