---
source: tui/src/components/text_editor/snapshot_tests.rs
expression: "serialize_render(\"See [docs](https://example.com).\", 80)"
---
[row 0]
Style::new().fg(Color::Rgb(235, 219, 178)) | "See "
Style::new().fg(Color::Rgb(250, 189, 47)).underlined() | "docs"
Style::new().fg(Color::Rgb(235, 219, 178)) | "."
